Complete src/CompletionInferScope.res 15:63
posCursor:[15:63] posNoWhite:[15:62] Found expr:[15:3->15:64]
Pexp_apply ...[15:3->15:21] (...[15:22->15:63])
posCursor:[15:63] posNoWhite:[15:62] Found expr:[15:29->15:63]
posCursor:[15:63] posNoWhite:[15:62] Found expr:[15:42->15:63]
posCursor:[15:63] posNoWhite:[15:62] Found expr:[15:52->15:63]
Pexp_field [15:52->15:62] _:[15:63->15:63]
Completable: Cpath Value[someRecord].""
[{
    "label": "name",
    "kind": 5,
    "tags": [],
    "detail": "name: string\n\ntype someRecord = {name: string, age: int}",
    "documentation": null
  }, {
    "label": "age",
    "kind": 5,
    "tags": [],
    "detail": "age: int\n\ntype someRecord = {name: string, age: int}",
    "documentation": null
  }]

Complete src/CompletionInferScope.res 18:90
posCursor:[18:90] posNoWhite:[18:89] Found expr:[18:39->18:91]
Pexp_apply ...[18:39->18:48] (...[18:49->18:90])
posCursor:[18:90] posNoWhite:[18:89] Found expr:[18:56->18:90]
posCursor:[18:90] posNoWhite:[18:89] Found expr:[18:69->18:90]
posCursor:[18:90] posNoWhite:[18:89] Found expr:[18:79->18:90]
Pexp_field [18:79->18:89] _:[18:90->18:90]
Completable: Cpath Value[someRecord].""
[{
    "label": "name",
    "kind": 5,
    "tags": [],
    "detail": "name: string\n\ntype someRecord = {name: string, age: int}",
    "documentation": null
  }, {
    "label": "age",
    "kind": 5,
    "tags": [],
    "detail": "age: int\n\ntype someRecord = {name: string, age: int}",
    "documentation": null
  }]

Complete src/CompletionInferScope.res 21:43
posCursor:[21:43] posNoWhite:[21:42] Found expr:[21:33->21:43]
Completable: Cpath Value[aliased]->f
[{
    "label": "Belt.Int.fromString",
    "kind": 12,
    "tags": [],
    "detail": "string => option<int>",
    "documentation": {"kind": "markdown", "value": "\n  Converts a given `string` to an `int`. Returns `Some(int)` when the input is a number, `None` otherwise.\n\n  ```res example\n  Js.log(Belt.Int.fromString(\"1\") === Some(1)) /* true */\n  ```\n"}
  }, {
    "label": "Belt.Int.fromFloat",
    "kind": 12,
    "tags": [],
    "detail": "float => int",
    "documentation": {"kind": "markdown", "value": "\n  Converts a given `float` to an `int`.\n\n  ```res example\n  Js.log(Belt.Int.fromFloat(1.0) === 1) /* true */\n  ```\n"}
  }]

Complete src/CompletionInferScope.res 24:30
posCursor:[24:30] posNoWhite:[24:29] Found expr:[24:28->24:30]
Pexp_field [24:28->24:29] _:[30:0->24:30]
Completable: Cpath Value[x].""
[{
    "label": "name",
    "kind": 5,
    "tags": [],
    "detail": "name: string\n\ntype someRecord = {name: string, age: int}",
    "documentation": null
  }, {
    "label": "age",
    "kind": 5,
    "tags": [],
    "detail": "age: int\n\ntype someRecord = {name: string, age: int}",
    "documentation": null
  }]

Complete src/CompletionInferScope.res 27:53
posCursor:[27:53] posNoWhite:[27:52] Found expr:[27:45->27:53]
Pexp_field [27:45->27:52] _:[30:0->27:53]
Completable: Cpath Value[aliased].""
[{
    "label": "name",
    "kind": 5,
    "tags": [],
    "detail": "name: string\n\ntype someRecord = {name: string, age: int}",
    "documentation": null
  }, {
    "label": "age",
    "kind": 5,
    "tags": [],
    "detail": "age: int\n\ntype someRecord = {name: string, age: int}",
    "documentation": null
  }]

