Complete src/CompletePrioritize2.res 9:7
posCursor:[9:7] posNoWhite:[9:6] Found expr:[9:3->0:-1]
Completable: CtypedPattern(sourceType:Value[ax], lookingToComplete:CNoContext, patternType:Destructure, prefix:"", pattern: [], seenIdents: [])
[]

Complete src/CompletePrioritize2.res 12:5
XXX Not found!
Completable: CtypedPattern(sourceType:Value[ax], lookingToComplete:CNoContext, patternType:Destructure, prefix:"", pattern: [], seenIdents: [])
[]

