Hover src/Hover.res 0:4
{"contents": "```rescript\nint\n```"}

Hover src/Hover.res 3:5
{"contents": "```rescript\ntype t = (int, float)\n```"}

Hover src/Hover.res 6:7
{"contents": "```rescript\nmodule Id = {\n  type x = int\n}\n```"}

Hover src/Hover.res 19:11
{"contents": "\nThis module is commented\n```rescript\nmodule Dep = {\n  let customDouble: int => int\n}\n```"}

Hover src/Hover.res 22:11
{"contents": "```rescript\nint => int\n```\n\nSome doc comment"}

Hover src/Hover.res 26:6
{"contents": "```rescript\nint\n```"}

Hover src/Hover.res 33:4
{"contents": "```rescript\nunit => int\n```\n\nDoc comment for functionWithTypeAnnotation"}

Hover src/Hover.res 37:13
getLocItem #5: heuristic for JSX and compiler combined:
~x becomes Props#x
heuristic for: [Props, x], give loc of `x`
n1:Props n2:name
{"contents": "```rescript\nstring\n```"}

Hover src/Hover.res 41:13
getLocItem #7: heuristic for JSX on type-annotated labeled (~arg:t):
(~arg:t) becomes Props#arg
Props has the location range of arg:t
arg has the location range of arg
heuristic for: [Props, arg], give loc of `arg`
n1:Props n2:name
{"contents": "```rescript\nstring\n```"}

Hover src/Hover.res 44:10
{"contents": "```rescript\nint\n```"}

Hover src/Hover.res 47:13
{"contents": "```rescript\nmodule Logger = {\n  let log: string => unit\n}\n```"}

Hover src/Hover.res 52:7
{"contents": "```rescript\nmodule Logger = {\n  let log: string => unit\n}\n```"}

Definition src/Hover.res 58:14
{"uri": "Hover.res", "range": {"start": {"line": 47, "character": 12}, "end": {"line": 47, "character": 18}}}

Hover src/Hover.res 61:9
{"contents": "```rescript\nmodule IdDefinedTwice = {\n  let y: int\n  let _x: int\n}\n```"}

Hover src/Hover.res 72:7
{"contents": "```rescript\nmodule A = {\n  let x: int\n}\n```"}

Hover src/Hover.res 75:7
{"contents": "```rescript\nmodule A = {\n  let x: int\n}\n```"}

Hover src/Hover.res 85:10
getLocItem #9: heuristic for JSX variadic, e.g. <C> {x} {y} </C>
heuristic for: [React.null, makeProps, make, createElementVariadic], give the loc of `make`
n1:null n2:makeProps n3:make n4:createElementVariadic
{"contents": "```rescript\nReact.component<{\"children\": React.element}>\n```\n\n```rescript\ntype component<'props> = componentLike<'props, element>\n```"}

Hover src/Hover.res 88:10
getLocItem #9: heuristic for JSX variadic, e.g. <C> {x} {y} </C>
heuristic for: [React.null, makeProps, make, createElementVariadic], give the loc of `make`
n1:null n2:makeProps n3:make n4:createElementVariadic
{"contents": "```rescript\nReact.component<{\"children\": React.element}>\n```\n\n```rescript\ntype component<'props> = componentLike<'props, element>\n```"}

Hover src/Hover.res 93:25
{"contents": "```rescript\nfloat\n```"}

Hover src/Hover.res 96:21
{"contents": "```rescript\nint\n```"}

Hover src/Hover.res 106:16
{"contents": "```rescript\nAA.cond<[< #str(string)]> => AA.cond<[< #str(string)]>\n```"}

Hover src/Hover.res 109:25
{"contents": "```rescript\nAA.cond<[< #str(string)]> => AA.cond<[< #str(string)]>\n```"}

Hover src/Hover.res 112:3
Nothing at that position. Now trying to use completion.
Attribute id:live:[112:0->112:5] label:live
Completable: CtypedPattern(sourceType:Value[Comp, createElement](~children, Nolabel), lookingToComplete:CNoContext, patternType:Destructure, prefix:"", pattern: [], seenIdents: [])
null

Hover src/Hover.res 115:4
{"contents": "```rescript\n(. ()) => unit => int\n```"}

Hover src/Hover.res 121:4
{"contents": "```rescript\n(. ()) => (. ()) => int\n```"}

Hover src/Hover.res 124:4
{"contents": "```rescript\n(. unit, unit) => int\n```"}

Hover src/Hover.res 127:5
{"contents": "```rescript\n(. ()) => unit => int\n```"}

