Definition src/Jsx.res 5:9
getLocItem #4: heuristic for </Comp> within fragments: take make as makeProps does not work
the type is not great but jump to definition works
{"uri": "Jsx.res", "range": {"start": {"line": 2, "character": 6}, "end": {"line": 2, "character": 10}}}

Complete src/Jsx.res 8:15
XXX Not found!
Completable: CtypedPattern(sourceType:Value[M, createElement](~first, ~children, Nolabel), lookingToComplete:CNoContext, patternType:Destructure, prefix:"", pattern: [], seenIdents: [])
[]

Complete src/Jsx.res 11:20
XXX Not found!
Completable: CtypedPattern(sourceType:Value[M, createElement](~first, ~children, Nolabel), lookingToComplete:CNoContext, patternType:Destructure, prefix:"", pattern: [], seenIdents: [])
[]

Complete src/Jsx.res 14:13
XXX Not found!
Completable: CtypedPattern(sourceType:Value[M, createElement](~first, ~children, Nolabel), lookingToComplete:CNoContext, patternType:Destructure, prefix:"", pattern: [], seenIdents: [])
[]

Complete src/Jsx.res 22:19
XXX Not found!
Completable: CtypedPattern(sourceType:Value[M, createElement](~first, ~children, Nolabel), lookingToComplete:CNoContext, patternType:Destructure, prefix:"", pattern: [], seenIdents: [])
[]

Complete src/Jsx.res 25:17
XXX Not found!
Completable: CtypedPattern(sourceType:Value[M, createElement](~first, ~children, Nolabel), lookingToComplete:CNoContext, patternType:Destructure, prefix:"", pattern: [], seenIdents: [])
[]

Complete src/Jsx.res 28:21
XXX Not found!
Completable: CtypedPattern(sourceType:Value[M, createElement](~first, ~children, Nolabel), lookingToComplete:CNoContext, patternType:Destructure, prefix:"", pattern: [], seenIdents: [])
[]

Complete src/Jsx.res 31:24
XXX Not found!
Completable: CtypedPattern(sourceType:Value[M, createElement](~first, ~children, Nolabel), lookingToComplete:CNoContext, patternType:Destructure, prefix:"", pattern: [], seenIdents: [])
[]

Complete src/Jsx.res 34:18
XXX Not found!
Completable: CtypedPattern(sourceType:Value[M, createElement](~first, ~children, Nolabel), lookingToComplete:CNoContext, patternType:Destructure, prefix:"", pattern: [], seenIdents: [])
[]

Complete src/Jsx.res 37:16
XXX Not found!
Completable: CtypedPattern(sourceType:Value[M, createElement](~first, ~children, Nolabel), lookingToComplete:CNoContext, patternType:Destructure, prefix:"", pattern: [], seenIdents: [])
[]

Complete src/Jsx.res 40:17
XXX Not found!
Completable: CtypedPattern(sourceType:Value[M, createElement](~first, ~children, Nolabel), lookingToComplete:CNoContext, patternType:Destructure, prefix:"", pattern: [], seenIdents: [])
[]

Complete src/Jsx.res 43:18
XXX Not found!
Completable: CtypedPattern(sourceType:Value[M, createElement](~first, ~children, Nolabel), lookingToComplete:CNoContext, patternType:Destructure, prefix:"", pattern: [], seenIdents: [])
[]

Complete src/Jsx.res 46:16
XXX Not found!
Completable: CtypedPattern(sourceType:Value[M, createElement](~first, ~children, Nolabel), lookingToComplete:CNoContext, patternType:Destructure, prefix:"", pattern: [], seenIdents: [])
[]

Complete src/Jsx.res 49:27
XXX Not found!
Completable: CtypedPattern(sourceType:Value[M, createElement](~first, ~children, Nolabel), lookingToComplete:CNoContext, patternType:Destructure, prefix:"", pattern: [], seenIdents: [])
[]

Complete src/Jsx.res 52:38
XXX Not found!
Completable: CtypedPattern(sourceType:Value[M, createElement](~first, ~children, Nolabel), lookingToComplete:CNoContext, patternType:Destructure, prefix:"", pattern: [], seenIdents: [])
[]

Complete src/Jsx.res 55:25
XXX Not found!
Completable: CtypedPattern(sourceType:Value[M, createElement](~first, ~children, Nolabel), lookingToComplete:CNoContext, patternType:Destructure, prefix:"", pattern: [], seenIdents: [])
[]

Definition src/Jsx.res 58:11
getLocItem #4: heuristic for </Comp> within fragments: take make as makeProps does not work
the type is not great but jump to definition works
{"uri": "Component.res", "range": {"start": {"line": 1, "character": 4}, "end": {"line": 1, "character": 8}}}

Complete src/Jsx.res 68:10
XXX Not found!
Completable: CtypedPattern(sourceType:Value[M, createElement](~first, ~children, Nolabel), lookingToComplete:CNoContext, patternType:Destructure, prefix:"", pattern: [], seenIdents: [])
[]

Complete src/Jsx.res 71:11
XXX Not found!
Completable: CtypedPattern(sourceType:Value[M, createElement](~first, ~children, Nolabel), lookingToComplete:CNoContext, patternType:Destructure, prefix:"", pattern: [], seenIdents: [])
[]

Complete src/Jsx.res 74:16
XXX Not found!
Completable: CtypedPattern(sourceType:Value[M, createElement](~first, ~children, Nolabel), lookingToComplete:CNoContext, patternType:Destructure, prefix:"", pattern: [], seenIdents: [])
[]

Complete src/Jsx.res 77:23
XXX Not found!
Completable: CtypedPattern(sourceType:Value[M, createElement](~first, ~children, Nolabel), lookingToComplete:CNoContext, patternType:Destructure, prefix:"", pattern: [], seenIdents: [])
[]

Complete src/Jsx.res 80:6
XXX Not found!
Completable: CtypedPattern(sourceType:Value[M, createElement](~first, ~children, Nolabel), lookingToComplete:CNoContext, patternType:Destructure, prefix:"", pattern: [], seenIdents: [])
[]

Complete src/Jsx.res 89:16
XXX Not found!
Completable: CtypedPattern(sourceType:Value[M, createElement](~first, ~children, Nolabel), lookingToComplete:CNoContext, patternType:Destructure, prefix:"", pattern: [], seenIdents: [])
[]

Complete src/Jsx.res 91:18
XXX Not found!
Completable: CtypedPattern(sourceType:Value[M, createElement](~first, ~children, Nolabel), lookingToComplete:CNoContext, patternType:Destructure, prefix:"", pattern: [], seenIdents: [])
[]

Complete src/Jsx.res 94:18
posCursor:[94:18] posNoWhite:[94:17] Found pattern:[94:7->94:18]
posCursor:[94:18] posNoWhite:[94:17] Found type:[94:11->94:18]
Ptyp_constr React.e:[94:11->94:18]
Completable: CtypedPattern(sourceType:Value[M, createElement](~first, ~children, Nolabel), lookingToComplete:CNoContext, patternType:Destructure, prefix:"", pattern: [], seenIdents: [])
[]

Complete src/Jsx.res 96:20
posCursor:[96:20] posNoWhite:[96:19] Found pattern:[96:7->99:6]
posCursor:[96:20] posNoWhite:[96:19] Found type:[96:11->99:6]
Ptyp_constr ReactDOMR:[96:11->99:6]
Completable: CtypedPattern(sourceType:Value[M, createElement](~first, ~children, Nolabel), lookingToComplete:CNoContext, patternType:Destructure, prefix:"", pattern: [], seenIdents: [])
[]

Complete src/Jsx.res 102:21
XXX Not found!
Completable: CtypedPattern(sourceType:Value[M, createElement](~first, ~children, Nolabel), lookingToComplete:CNoContext, patternType:Destructure, prefix:"", pattern: [], seenIdents: [])
[]

Complete src/Jsx.res 106:28
XXX Not found!
Completable: CtypedPattern(sourceType:Value[M, createElement](~first, ~children, Nolabel), lookingToComplete:CNoContext, patternType:Destructure, prefix:"", pattern: [], seenIdents: [])
[]

Complete src/Jsx.res 108:36
XXX Not found!
Completable: CtypedPattern(sourceType:Value[M, createElement](~first, ~children, Nolabel), lookingToComplete:CNoContext, patternType:Destructure, prefix:"", pattern: [], seenIdents: [])
[]

Complete src/Jsx.res 122:20
XXX Not found!
Completable: CtypedPattern(sourceType:Value[M, createElement](~first, ~children, Nolabel), lookingToComplete:CNoContext, patternType:Destructure, prefix:"", pattern: [], seenIdents: [])
[]

Complete src/Jsx.res 129:19
XXX Not found!
Completable: CtypedPattern(sourceType:Value[M, createElement](~first, ~children, Nolabel), lookingToComplete:CNoContext, patternType:Destructure, prefix:"", pattern: [], seenIdents: [])
[]

Complete src/Jsx.res 136:7
XXX Not found!
Completable: CtypedPattern(sourceType:Value[M, createElement](~first, ~children, Nolabel), lookingToComplete:CNoContext, patternType:Destructure, prefix:"", pattern: [], seenIdents: [])
[]

Complete src/Jsx.res 150:21
XXX Not found!
Completable: CtypedPattern(sourceType:Value[M, createElement](~first, ~children, Nolabel), lookingToComplete:CNoContext, patternType:Destructure, prefix:"", pattern: [], seenIdents: [])
[]

Complete src/Jsx.res 153:19
XXX Not found!
Completable: CtypedPattern(sourceType:Value[M, createElement](~first, ~children, Nolabel), lookingToComplete:CNoContext, patternType:Destructure, prefix:"", pattern: [], seenIdents: [])
[]

Hover src/Jsx.res 162:12
Nothing at that position. Now trying to use completion.
XXX Not found!
Completable: CtypedPattern(sourceType:Value[M, createElement](~first, ~children, Nolabel), lookingToComplete:CNoContext, patternType:Destructure, prefix:"", pattern: [], seenIdents: [])
null

Hover src/Jsx.res 167:16
Nothing at that position. Now trying to use completion.
XXX Not found!
Completable: CtypedPattern(sourceType:Value[M, createElement](~first, ~children, Nolabel), lookingToComplete:CNoContext, patternType:Destructure, prefix:"", pattern: [], seenIdents: [])
null

Complete src/Jsx.res 171:30
XXX Not found!
Completable: CtypedPattern(sourceType:Value[M, createElement](~first, ~children, Nolabel), lookingToComplete:CNoContext, patternType:Destructure, prefix:"", pattern: [], seenIdents: [])
[]

