Complete src/RecoveryOnProp.res 6:26
posCursor:[6:26] posNoWhite:[6:25] Found pattern:[6:20->8:5]
posCursor:[6:26] posNoWhite:[6:25] Found type:[6:23->8:5]
Ptyp_constr Res:[6:23->8:5]
Completable: CtypedPattern(sourceType:Value[div](~onClick, ~children, Nolabel), lookingToComplete:CNoContext, patternType:Destructure, prefix:"", pattern: [], seenIdents: [])
[]

